[html.themewant.com/hostie/shared-hosting.html]
[html.themewant.com/hostie/assets/images/fav.png]
[backblue.gif]
[fade.gif]
[index.html]
[html.themewant.com/hostie/assets/css/vendor/bootstrap.min.css]
[html.themewant.com/hostie/assets/css/plugins/fontawesome.min.css]
[html.themewant.com/hostie/assets/css/plugins/swiper.min.css]
[html.themewant.com/hostie/assets/css/plugins/magnific-popup.css]
[html.themewant.com/hostie/assets/css/plugins/sal.min.css]
[html.themewant.com/hostie/assets/css/plugins/nice-select.css]
[html.themewant.com/hostie/assets/css/plugins/metismenu.css]
[html.themewant.com/hostie/assets/images/icon/email.svg]
[html.themewant.com/hostie/assets/css/style.css]
[html.themewant.com/hostie/assets/images/icon/tag--group.svg]
[html.themewant.com/hostie/assets/images/icon/forum.svg]
[html.themewant.com/hostie/assets/images/icon/person.svg]
[html.themewant.com/hostie/index.html]
[html.themewant.com/hostie/assets/images/logo/logo-1.svg]
[html.themewant.com/hostie/assets/images/logo/logo-4.svg]
[html.themewant.com/hostie/assets/images/home/home-1.png]
[html.themewant.com/hostie/index-two.html]
[html.themewant.com/hostie/assets/images/home/home-2.png]
[html.themewant.com/hostie/index-three.html]
[html.themewant.com/hostie/assets/images/home/home-3.png]
[html.themewant.com/hostie/index-four.html]
[html.themewant.com/hostie/assets/images/home/home-4.png]
[html.themewant.com/hostie/index-five.html]
[html.themewant.com/hostie/assets/images/home/home-5.png]
[html.themewant.com/hostie/index-six.html]
[html.themewant.com/hostie/assets/images/home/home-6.png]
[html.themewant.com/hostie/index-seven.html]
[html.themewant.com/hostie/assets/images/home/home-8.png]
[html.themewant.com/hostie/index-eight.html]
[html.themewant.com/hostie/assets/images/home/home-7.png]
[html.themewant.com/hostie/index-nine.html]
[html.themewant.com/hostie/assets/images/home/home-9.png]
[html.themewant.com/hostie/index-ten.html]
[html.themewant.com/hostie/assets/images/home/home-10.png]
[html.themewant.com/hostie/about.html]
[html.themewant.com/hostie/assets/images/mega-menu/01.svg]
[html.themewant.com/hostie/pricing.html]
[html.themewant.com/hostie/assets/images/mega-menu/03.svg]
[html.themewant.com/hostie/affiliate.html]
[html.themewant.com/hostie/assets/images/mega-menu/02.svg]
[html.themewant.com/hostie/sign-up.html]
[html.themewant.com/hostie/assets/images/mega-menu/04.svg]
[html.themewant.com/hostie/blog.html]
[html.themewant.com/hostie/assets/images/mega-menu/07.svg]
[html.themewant.com/hostie/partner.html]
[html.themewant.com/hostie/assets/images/mega-menu/06.svg]
[html.themewant.com/hostie/support.html]
[html.themewant.com/hostie/assets/images/mega-menu/08.svg]
[html.themewant.com/hostie/pricing-two.html]
[html.themewant.com/hostie/business-mail.html]
[html.themewant.com/hostie/assets/images/mega-menu/10.svg]
[html.themewant.com/hostie/sign-in.html]
[html.themewant.com/hostie/assets/images/mega-menu/09.svg]
[html.themewant.com/hostie/blog-list.html]
[html.themewant.com/hostie/maintenance.html]
[html.themewant.com/hostie/assets/images/mega-menu/21.svg]
[html.themewant.com/hostie/domain-checker.html]
[html.themewant.com/hostie/assets/images/mega-menu/12.svg]
[html.themewant.com/hostie/pricing-three.html]
[html.themewant.com/hostie/ssl-certificate.html]
[html.themewant.com/hostie/assets/images/mega-menu/14.svg]
[html.themewant.com/hostie/whois.html]
[html.themewant.com/hostie/assets/images/mega-menu/05.svg]
[html.themewant.com/hostie/blog-grid-2.html]
[html.themewant.com/hostie/black-friday.html]
[html.themewant.com/hostie/assets/images/mega-menu/30.png]
[html.themewant.com/hostie/contact.html]
[html.themewant.com/hostie/assets/images/mega-menu/16.svg]
[html.themewant.com/hostie/payment-method.html]
[html.themewant.com/hostie/assets/images/mega-menu/20.svg]
[html.themewant.com/hostie/domain-transfer.html]
[html.themewant.com/hostie/assets/images/mega-menu/17.svg]
[html.themewant.com/hostie/knowledgebase.html]
[html.themewant.com/hostie/assets/images/mega-menu/11.svg]
[html.themewant.com/hostie/blog-details.html]
[html.themewant.com/hostie/404.html]
[html.themewant.com/hostie/assets/images/mega-menu/19.svg]
[html.themewant.com/hostie/assets/images/mega-menu/22.svg]
[html.themewant.com/hostie/wordpress-hosting.html]
[html.themewant.com/hostie/assets/images/mega-menu/23.svg]
[html.themewant.com/hostie/vps-hosting.html]
[html.themewant.com/hostie/assets/images/mega-menu/24.svg]
[html.themewant.com/hostie/reseller-hosting.html]
[html.themewant.com/hostie/assets/images/mega-menu/25.svg]
[html.themewant.com/hostie/dedicated-hosting.html]
[html.themewant.com/hostie/assets/images/mega-menu/27.svg]
[html.themewant.com/hostie/cloud-hosting.html]
[html.themewant.com/hostie/assets/images/mega-menu/29.svg]
[html.themewant.com/hostie/domain-registration.html]
[html.themewant.com/hostie/technology.html]
[html.themewant.com/hostie/data-center.html]
[html.themewant.com/hostie/game-details.html]
[html.themewant.com/hostie/faq.html]
[html.themewant.com/hostie/hosting-offer-one.html]
[html.themewant.com/hostie/assets/images/banner/shared/diamond.png]
[html.themewant.com/hostie/assets/images/banner/shared/wordpress.png]
[html.themewant.com/hostie/assets/images/banner/shared/shared__hosting.svg]
[html.themewant.com/hostie/assets/images/banner/shared/shared__hosting-sm1.svg]
[html.themewant.com/hostie/assets/images/banner/shared/shared__hosting-sm2.svg]
[html.themewant.com/hostie/assets/images/pricing/offer__vactor.svg]
[html.themewant.com/hostie/assets/images/pricing/basic.svg]
[html.themewant.com/hostie/assets/images/pricing/premium.svg]
[html.themewant.com/hostie/assets/images/pricing/business.svg]
[html.themewant.com/hostie/assets/images/pricing/cloud.svg]
[html.themewant.com/hostie/assets/images/feature/feature__image.png]
[html.themewant.com/hostie/assets/images/author/author__one.png]
[html.themewant.com/hostie/assets/images/author/author__two.png]
[html.themewant.com/hostie/assets/images/author/author__three.png]
[html.themewant.com/hostie/assets/images/author/author__four.png]
[html.themewant.com/hostie/assets/images/brand/review-star.svg]
[html.themewant.com/hostie/assets/images/brand/trust-pilot.svg]
[html.themewant.com/hostie/assets/images/brand/01.svg]
[html.themewant.com/hostie/assets/images/brand/02.svg]
[html.themewant.com/hostie/assets/images/brand/03.svg]
[html.themewant.com/hostie/assets/images/brand/04.svg]
[html.themewant.com/hostie/assets/images/brand/05.svg]
[html.themewant.com/hostie/assets/images/brand/06.svg]
[html.themewant.com/hostie/assets/images/brand/07.svg]
[html.themewant.com/hostie/assets/images/brand/08.svg]
[html.themewant.com/hostie/assets/images/logo/footer__two__logo.svg]
[html.themewant.com/hostie/data-centers.html]
[html.themewant.com/hostie/assets/images/payment/visa.svg]
[html.themewant.com/hostie/assets/images/payment/master-card.svg]
[html.themewant.com/hostie/assets/images/payment/paypal.svg]
[html.themewant.com/hostie/assets/images/payment/american-express.svg]
[html.themewant.com/hostie/assets/images/payment/wise.svg]
[html.themewant.com/hostie/index-sevent.html]
[html.themewant.com/hostie/team.html]
[html.themewant.com/hostie/book-a-demo.html]
[html.themewant.com/hostie/free-audit.html]
[html.themewant.com/hostie/assets/js/plugins/jquery.min.js]
[html.themewant.com/hostie/assets/js/plugins/popper.js]
[html.themewant.com/hostie/assets/js/plugins/bootstrap.min.js]
[html.themewant.com/hostie/assets/js/plugins/metismenu.js]
[html.themewant.com/hostie/assets/js/vendor/jqueryui.js]
[html.themewant.com/hostie/assets/js/vendor/waypoint.js]
[html.themewant.com/hostie/assets/js/plugins/swiper.js]
[html.themewant.com/hostie/assets/js/plugins/theia-sticky-sidebar.min.js]
[html.themewant.com/hostie/assets/js/plugins/jquery.nice-select.min.js]
[html.themewant.com/hostie/assets/js/plugins/sal.js]
[html.themewant.com/hostie/assets/js/vendor/waw.js]
[html.themewant.com/hostie/assets/js/plugins/counter-up.js]
[html.themewant.com/hostie/assets/js/plugins/magnific-popup.js]
[html.themewant.com/hostie/assets/js/plugins/contact-form.js]
[html.themewant.com/hostie/shared-hosting.html]
[html.themewant.com/hostie/assets/css/vendor/bootstrap.min.css]
[html.themewant.com/hostie/assets/js/main.js]
[html.themewant.com/hostie/assets/fonts/fa-brands-400.woff2]
[html.themewant.com/hostie/assets/fonts/fa-brands-400.ttf]
[html.themewant.com/hostie/assets/fonts/fa-duotone-900.html]
[html.themewant.com/hostie/assets/fonts/fa-duotone-901.html]
[html.themewant.com/hostie/assets/fonts/fa-light-300.woff2]
[html.themewant.com/hostie/assets/fonts/fa-light-300.ttf]
[html.themewant.com/hostie/assets/fonts/fa-regular-400.woff2]
[html.themewant.com/hostie/assets/fonts/fa-regular-400.ttf]
[html.themewant.com/hostie/assets/fonts/fa-solid-900.woff2]
[html.themewant.com/hostie/assets/fonts/fa-solid-900.ttf]
[html.themewant.com/hostie/assets/fonts/fa-thin-100.woff2]
[html.themewant.com/hostie/assets/fonts/fa-thin-100.ttf]
[html.themewant.com/hostie/assets/fonts/fa-v4compatibility.woff2]
[html.themewant.com/hostie/assets/fonts/fa-v4compatibility.ttf]
[html.themewant.com/hostie/assets/css/plugins/fontawesome.min.css]
[html.themewant.com/hostie/assets/css/plugins/swiper.min.css]
[html.themewant.com/hostie/assets/css/plugins/magnific-popup.css]
[html.themewant.com/hostie/assets/css/plugins/sal.min.css]
[html.themewant.com/hostie/assets/css/plugins/nice-select.css]
[html.themewant.com/hostie/assets/css/plugins/metismenu.css]
[html.themewant.com/hostie/assets/images/close.png]
[html.themewant.com/hostie/assets/images/banner/banner_home_one_dotted.svg]
[html.themewant.com/hostie/assets/images/banner/two/shape__one.png]
[html.themewant.com/hostie/assets/images/banner/two/shape__two.svg]
[html.themewant.com/hostie/assets/images/banner/banner-hero-four-bg.svg]
[html.themewant.com/hostie/assets/images/banner/banner__six__bg.svg]
[html.themewant.com/hostie/assets/images/banner/shared/banner__bg.svg]
[html.themewant.com/hostie/assets/images/brand/brand-section.png]
[html.themewant.com/hostie/assets/images/domain/domain__finder__bg.svg]
[html.themewant.com/hostie/assets/images/domain/domain__finder__bg__four.svg]
[html.themewant.com/hostie/assets/images/support/support__bg.svg]
[html.themewant.com/hostie/assets/images/newsletter__bg.svg]
[html.themewant.com/hostie/assets/images/banner/banner__bg__game.jpg]
[html.themewant.com/hostie/assets/images/game/game__server__bg.svg]
[html.themewant.com/hostie/assets/images/banner/banner__eight__shape.svg]
[html.themewant.com/hostie/assets/images/banner/banner__eight__image.png]
[html.themewant.com/hostie/assets/images/pricing/plan__hover__bg.png]
[html.themewant.com/hostie/assets/images/service/two/bg__snap.svg]
[html.themewant.com/hostie/assets/images/service/service-5-bg-shape.svg]
[html.themewant.com/hostie/assets/images/service/service__tab__content__bg.svg]
[html.themewant.com/hostie/assets/images/service/service__tab__section.svg]
[html.themewant.com/hostie/assets/images/about/resell/resell-img-bg.svg]
[html.themewant.com/hostie/assets/images/counter__bg.svg]
[html.themewant.com/hostie/assets/images/testimonials/bg__shape.svg]
[html.themewant.com/hostie/assets/images/testimonials/testimonial__two__bg.svg]
[html.themewant.com/hostie/assets/images/testimonials/feedback__testimonial__single.svg]
[html.themewant.com/hostie/assets/images/dotted__element.png]
[html.themewant.com/hostie/assets/images/service/flash-sale.svg]
[html.themewant.com/hostie/assets/images/footer/footer__four__bg.svg]
[html.themewant.com/hostie/assets/images/game/footer__game__bg.svg]
[html.themewant.com/hostie/assets/images/cta/cta__two__bg.png]
[html.themewant.com/hostie/assets/images/contact/contact__shape__bg.svg]
[html.themewant.com/hostie/assets/css/style.css]
[html.themewant.com/hostie/assets/images/icon/email.svg]
[html.themewant.com/hostie/assets/images/icon/tag--group.svg]
[html.themewant.com/hostie/assets/images/icon/forum.svg]
[html.themewant.com/hostie/assets/images/icon/person.svg]
[html.themewant.com/hostie/assets/images/flash__sell__banner__bg.svg]
[html.themewant.com/hostie/assets/images/icon/dollar.svg]
[html.themewant.com/hostie/assets/images/banner/hosting-01.svg]
[html.themewant.com/hostie/assets/images/banner/hosting.svg]
[html.themewant.com/hostie/assets/images/banner/left.svg]
[html.themewant.com/hostie/assets/images/banner/top.svg]
[html.themewant.com/hostie/assets/images/banner/right.svg]
[html.themewant.com/hostie/assets/images/hosting/03.svg]
[html.themewant.com/hostie/assets/images/hosting/04.svg]
[html.themewant.com/hostie/assets/images/hosting/02.svg]
[html.themewant.com/hostie/assets/images/hosting/01.svg]
[html.themewant.com/hostie/assets/images/about/about-big.png]
[html.themewant.com/hostie/assets/images/about/about-shape-01.svg]
[html.themewant.com/hostie/assets/images/about/about-shape-02.svg]
[html.themewant.com/hostie/assets/images/about/01.svg]
[html.themewant.com/hostie/assets/images/about/02.svg]
[html.themewant.com/hostie/assets/images/service/shared__hosting.svg]
[html.themewant.com/hostie/assets/images/service/email__hosting.svg]
[html.themewant.com/hostie/assets/images/service/dedicated__hosting.svg]
[html.themewant.com/hostie/assets/images/service/vps__hosting.svg]
[html.themewant.com/hostie/assets/images/service/eccommerce__hosting.svg]
[html.themewant.com/hostie/assets/images/service/resseller__hosting.svg]
[html.themewant.com/hostie/assets/images/service/cloud__hosting.svg]
[html.themewant.com/hostie/assets/images/data__center.png]
[html.themewant.com/hostie/assets/images/flag-01.svg]
[html.themewant.com/hostie/assets/images/flag-03.svg]
[html.themewant.com/hostie/assets/images/flag-04.svg]
[html.themewant.com/hostie/assets/images/flag-05.svg]
[html.themewant.com/hostie/assets/images/flag-06.svg]
[html.themewant.com/hostie/assets/images/flag-07.svg]
[html.themewant.com/hostie/assets/images/flag-08.svg]
[html.themewant.com/hostie/assets/images/flag-09.svg]
[html.themewant.com/hostie/assets/images/flag-10.svg]
[html.themewant.com/hostie/assets/images/icon/cloud.svg]
[html.themewant.com/hostie/assets/images/icon/domain.svg]
[html.themewant.com/hostie/assets/images/icon/speed.svg]
[html.themewant.com/hostie/assets/images/icon/support.svg]
[html.themewant.com/hostie/assets/images/icon/money-back.svg]
[html.themewant.com/hostie/assets/images/whychoose.svg]
[html.themewant.com/hostie/assets/images/paper-plane.svg]
[html.themewant.com/hostie/assets/images/wifi.svg]
[html.themewant.com/hostie/assets/images/pricing/pricing-image.svg]
[html.themewant.com/hostie/assets/images/testimonials/author.png]
[html.themewant.com/hostie/assets/images/testimonials/author-2.png]
[html.themewant.com/hostie/assets/images/testimonials/author-3.png]
[html.themewant.com/hostie/assets/images/faq/faq.svg]
[html.themewant.com/hostie/assets/images/faq/faq__animated.svg]
[html.themewant.com/hostie/assets/images/cta/cta__hosting.svg]
[html.themewant.com/hostie/assets/images/cta/cta__person.svg]
[html.themewant.com/hostie/index.html]
[html.themewant.com/hostie/assets/images/logo/logo-1.svg]
[html.themewant.com/hostie/assets/images/logo/logo-4.svg]
[html.themewant.com/hostie/assets/images/logo/footer__one__logo.svg]
[html.themewant.com/hostie/assets/images/banner/cloud--lightning.svg]
[html.themewant.com/hostie/assets/images/banner/two/hero__two__illustration.svg]
[html.themewant.com/hostie/assets/images/banner/two/hero__two__illustration-sm1.svg]
[html.themewant.com/hostie/assets/images/banner/two/hero__two__illustration-sm2.svg]
[html.themewant.com/hostie/assets/images/banner/two/hero__two__illustration-sm3.svg]
[html.themewant.com/hostie/assets/images/banner/two/hero__two__illustration-sm4.svg]
[html.themewant.com/hostie/assets/images/banner/two/hero__two__illustration-sm5.svg]
[html.themewant.com/hostie/assets/images/banner/banner__two__shape.svg]
[html.themewant.com/hostie/assets/images/service/two/service__icon_one.svg]
[html.themewant.com/hostie/assets/images/service/two/vps.svg]
[html.themewant.com/hostie/assets/images/service/two/dedicated.svg]
[html.themewant.com/hostie/assets/images/service/two/email.svg]
[html.themewant.com/hostie/assets/images/service/two/ecommerce.svg]
[html.themewant.com/hostie/assets/images/service/two/cloud.svg]
[html.themewant.com/hostie/assets/images/service/two/cloud-2.svg]
[html.themewant.com/hostie/assets/images/hosting/hosting__feature.svg]
[html.themewant.com/hostie/assets/images/icon/quote__white.svg]
[html.themewant.com/hostie/assets/images/hosting/hosting__feature__two.png]
[html.themewant.com/hostie/assets/images/blog/blog-1.png]
[html.themewant.com/hostie/assets/images/blog/blog-2.png]
[html.themewant.com/hostie/assets/images/blog/blog-3.png]
[html.themewant.com/hostie/index-two.html]
[html.themewant.com/hostie/assets/images/logo/logo-2.svg]
[html.themewant.com/hostie/assets/images/banner/banner-hero-3.png]
[html.themewant.com/hostie/assets/images/banner/banner-shape-3_1.png]
[html.themewant.com/hostie/assets/images/banner/banner-shape-3_2.png]
[html.themewant.com/hostie/assets/images/banner/banner-bg-element.svg]
[html.themewant.com/hostie/assets/images/service/cloud__hosting2.png]
[html.themewant.com/hostie/assets/images/service/service-bg-shape.svg]
[html.themewant.com/hostie/assets/images/service/web__hosting2.png]
[html.themewant.com/hostie/assets/images/service/reseller__hosting2.png]
[html.themewant.com/hostie/assets/images/service/dedicated.png]
[html.themewant.com/hostie/assets/images/service/turbo.png]
[html.themewant.com/hostie/assets/images/service/resell.png]
[html.themewant.com/hostie/assets/images/service/share.png]
[html.themewant.com/hostie/assets/images/service/service-bg-shape2.svg]
[html.themewant.com/hostie/assets/images/service/service-bg-shape3.svg]
[html.themewant.com/hostie/assets/images/feature/feature-01.png]
[html.themewant.com/hostie/assets/images/feature/feature-02.png]
[html.themewant.com/hostie/assets/images/feature/feature-03.png]
[html.themewant.com/hostie/assets/images/feature/feature-04.png]
[html.themewant.com/hostie/assets/images/feature/feature-hero-01.png]
[html.themewant.com/hostie/assets/images/feature/feature-rounded-shape.svg]
[html.themewant.com/hostie/assets/images/testimonials/testimonial-wrapper-shape.svg]
[html.themewant.com/hostie/assets/images/testimonials/bg-shape-3.svg]
[html.themewant.com/hostie/assets/images/testimonials/bg-shape-4.svg]
[html.themewant.com/hostie/assets/images/blog/blog-4.png]
[html.themewant.com/hostie/assets/images/blog/blog-shape.svg]
[html.themewant.com/hostie/assets/images/blog/blog-5.png]
[html.themewant.com/hostie/assets/images/blog/blog-shape2.svg]
[html.themewant.com/hostie/assets/images/blog/line.svg]
[html.themewant.com/hostie/assets/images/faq/faq__animated2.png]
[html.themewant.com/hostie/assets/images/cta/cta__shape.png]
[html.themewant.com/hostie/index-three.html]
[html.themewant.com/hostie/assets/images/logo/logo-3.svg]
[html.themewant.com/hostie/assets/images/banner/banner-hero-four.png]
[html.themewant.com/hostie/assets/images/service/service__tab.png]
[html.themewant.com/hostie/assets/images/support/support__image.svg]
[html.themewant.com/hostie/index-four.html]
[html.themewant.com/hostie/assets/images/logo/footer__four__logo.svg]
[html.themewant.com/hostie/assets/images/banner/title-shape.svg]
[html.themewant.com/hostie/assets/images/banner/line.svg]
[html.themewant.com/hostie/assets/images/banner/banner-hero-five.png]
[html.themewant.com/hostie/assets/images/banner/banner__bg__shape__five.svg]
[html.themewant.com/hostie/assets/images/banner/banner__bg__shape__six.svg]
[html.themewant.com/hostie/assets/images/banner/banner__bg__shape__eight.svg]
[html.themewant.com/hostie/assets/images/banner/banner__bg__shape__nine.svg]
[html.themewant.com/hostie/assets/images/banner/banner__bg__shape__ten.svg]
[html.themewant.com/hostie/assets/images/pricing/pricing-icon-01.svg]
[html.themewant.com/hostie/assets/images/pricing/pricing-bg-shape.svg]
[html.themewant.com/hostie/assets/images/pricing/pricing-shape-01.svg]
[html.themewant.com/hostie/assets/images/pricing/pricing-shape-02.svg]
[html.themewant.com/hostie/assets/images/pricing/pricing-icon-02.svg]
[html.themewant.com/hostie/assets/images/pricing/pricing-icon-03.svg]
[html.themewant.com/hostie/assets/images/pricing/pricing-icon-04.svg]
[html.themewant.com/hostie/assets/images/domain/domain__finder__bg__five.png]
[html.themewant.com/hostie/assets/images/icon/vps.svg]
[html.themewant.com/hostie/assets/images/icon/share.svg]
[html.themewant.com/hostie/assets/images/icon/wordpress.svg]
[html.themewant.com/hostie/assets/images/icon/eccommerce.svg]
[html.themewant.com/hostie/assets/images/icon/dedicated.svg]
[html.themewant.com/hostie/assets/images/feature/feature-05.svg]
[html.themewant.com/hostie/assets/images/feature/feature-06.svg]
[html.themewant.com/hostie/assets/images/feature/feature-07.svg]
[html.themewant.com/hostie/assets/images/feature/feature__image-3.png]
[html.themewant.com/hostie/assets/images/feature/feature__image-small.png]
[html.themewant.com/hostie/assets/images/feature/crystal.svg]
[html.themewant.com/hostie/assets/images/feature/crystal-2.svg]
[html.themewant.com/hostie/assets/images/feature/feature-bg-shape.svg]
[html.themewant.com/hostie/assets/images/testimonials/quote.svg]
[html.themewant.com/hostie/assets/images/testimonials/bg-round-shape.svg]
[html.themewant.com/hostie/assets/images/testimonials/bg__shape_three.svg]
[html.themewant.com/hostie/assets/images/blog/plane.svg]
[html.themewant.com/hostie/assets/images/blog/blog-3-sm.png]
[html.themewant.com/hostie/blog-detail.html]
[html.themewant.com/hostie/assets/images/blog/blog-4-sm.png]
[html.themewant.com/hostie/assets/images/blog/blog-5-sm.png]
[html.themewant.com/hostie/index-five.html]
[html.themewant.com/hostie/assets/images/logo/logo-5.svg]
[html.themewant.com/hostie/assets/images/banner/banner__six.png]
[html.themewant.com/hostie/assets/images/banner/banner__six-2.png]
[html.themewant.com/hostie/assets/images/banner/banner__six-3.png]
[html.themewant.com/hostie/assets/images/service/service__tab-2.png]
[html.themewant.com/hostie/assets/images/contact/contact-form.png]
[html.themewant.com/hostie/index-six.html]
[html.themewant.com/hostie/assets/images/contact/contact__animated__arrow.svg]
[html.themewant.com/hostie/assets/images/logo/logo__game.svg]
[html.themewant.com/hostie/assets/images/icon/game.svg]
[html.themewant.com/hostie/assets/images/icon/game-4.svg]
[html.themewant.com/hostie/assets/images/banner/banner__seven__image.png]
[html.themewant.com/hostie/assets/images/icon/game-1.svg]
[html.themewant.com/hostie/assets/images/icon/game-2.svg]
[html.themewant.com/hostie/assets/images/icon/game-3.svg]
[html.themewant.com/hostie/assets/images/game/banner__bg.png]
[html.themewant.com/hostie/assets/images/game/banner__image.png]
[html.themewant.com/hostie/assets/images/game/feature.png]
[html.themewant.com/hostie/assets/images/icon/feature-1.svg]
[html.themewant.com/hostie/assets/images/icon/feature-2.svg]
[html.themewant.com/hostie/assets/images/icon/feature-3.svg]
[html.themewant.com/hostie/assets/images/pricing/offer__vactor-2.svg]
[html.themewant.com/hostie/assets/images/game/collection/01.jpg]
[html.themewant.com/hostie/assets/images/game/collection/02.jpg]
[html.themewant.com/hostie/assets/images/game/collection/03.jpg]
[html.themewant.com/hostie/assets/images/game/collection/04.jpg]
[html.themewant.com/hostie/assets/images/game/collection/05.jpg]
[html.themewant.com/hostie/assets/images/game/collection/06.jpg]
[html.themewant.com/hostie/assets/images/game/collection/07.jpg]
[html.themewant.com/hostie/assets/images/game/collection/08.jpg]
[html.themewant.com/hostie/index-seven.html]
[html.themewant.com/hostie/assets/images/logo/footer__game__logo.svg]
[html.themewant.com/hostie/assets/images/icon/cloud-3.svg]
[html.themewant.com/hostie/assets/images/icon/white-lavel.svg]
[html.themewant.com/hostie/assets/images/icon/quality.svg]
[html.themewant.com/hostie/assets/images/feature/cloud/1.svg]
[html.themewant.com/hostie/assets/images/feature/cloud/2.svg]
[html.themewant.com/hostie/assets/images/feature/cloud/ssl.svg]
[html.themewant.com/hostie/assets/images/feature/cloud/resell.svg]
[html.themewant.com/hostie/assets/images/feature/cloud/cloud.svg]
[html.themewant.com/hostie/assets/images/feature/cloud/collaboration.svg]
[html.themewant.com/hostie/assets/images/feature/support__feature__two.jpg]
[html.themewant.com/hostie/assets/images/feature/cloud/p-1.svg]
[html.themewant.com/hostie/assets/images/feature/cloud/speed-meter.svg]
[html.themewant.com/hostie/assets/images/feature/cloud/p-2.svg]
[html.themewant.com/hostie/assets/images/feature/cloud/rated.svg]
[html.themewant.com/hostie/assets/images/feature/feature__image__three.png]
[html.themewant.com/hostie/index-eight.html]
[html.themewant.com/hostie/assets/images/video/wp-hosting.mp4]
[html.themewant.com/hostie/index-nine.html]
[html.themewant.com/hostie/assets/images/banner/banner__ten.jpg]
[html.themewant.com/hostie/index-ten.html]
[html.themewant.com/hostie/assets/images/banner/banner-hero-about.png]
[html.themewant.com/hostie/assets/images/about/resell/image-1.png]
[html.themewant.com/hostie/assets/images/about/resell/image-2.png]
[html.themewant.com/hostie/assets/images/about/resell/support.svg]
[html.themewant.com/hostie/assets/images/about/resell/speed-meter.svg]
[html.themewant.com/hostie/assets/images/about/resell/image-3.png]
[html.themewant.com/hostie/assets/images/about/resell/image-4.png]
[html.themewant.com/hostie/assets/images/about/counter-01.svg]
[html.themewant.com/hostie/assets/images/about/counter-02.svg]
[html.themewant.com/hostie/assets/images/about/counter-03.svg]
[html.themewant.com/hostie/assets/images/about/counter-04.svg]
[html.themewant.com/hostie/assets/images/team/team-01.jpg]
[html.themewant.com/hostie/assets/images/team/team-02.jpg]
[html.themewant.com/hostie/assets/images/team/team-03.jpg]
[html.themewant.com/hostie/assets/images/team/team-04.jpg]
[html.themewant.com/hostie/assets/images/team/team-05.jpg]
[html.themewant.com/hostie/assets/images/team/team-06.jpg]
[html.themewant.com/hostie/about.html]
[html.themewant.com/hostie/assets/images/mega-menu/01.svg]
[html.themewant.com/hostie/assets/images/banner/pricing/banner__pricing__image.svg]
[html.themewant.com/hostie/assets/images/banner/pricing/shape__star.svg]
[html.themewant.com/hostie/assets/images/banner/pricing/shape__dollar.svg]
[html.themewant.com/hostie/pricing.html]
[html.themewant.com/hostie/assets/images/mega-menu/03.svg]
[html.themewant.com/hostie/assets/images/banner/pricing/shape__dollar-2.svg]
[html.themewant.com/hostie/assets/images/banner/banner__about__image.jpg]
[html.themewant.com/hostie/assets/images/affiliate/icon-1.svg]
[html.themewant.com/hostie/assets/images/affiliate/icon-2.svg]
[html.themewant.com/hostie/assets/images/affiliate/icon-3.svg]
[html.themewant.com/hostie/assets/images/affiliate/icon-4.svg]
[html.themewant.com/hostie/assets/images/feature/intersect.svg]
[html.themewant.com/hostie/assets/images/feature/mike.svg]
[html.themewant.com/hostie/assets/images/feature/earn-api.svg]
[html.themewant.com/hostie/assets/images/feature/affilate-image.png]
[html.themewant.com/hostie/assets/images/feature/affiliate-feature.png]
[html.themewant.com/hostie/assets/images/affiliate/feature-1.svg]
[html.themewant.com/hostie/assets/images/affiliate/feature-2.svg]
[html.themewant.com/hostie/affiliate.html]
[html.themewant.com/hostie/assets/images/mega-menu/02.svg]
[html.themewant.com/hostie/sign-up.html]
[html.themewant.com/hostie/assets/images/mega-menu/04.svg]
[html.themewant.com/hostie/assets/images/affiliate/feature-3.svg]
[html.themewant.com/hostie/blog.details.html]
[html.themewant.com/hostie/assets/images/banner/banner__blog__image.svg]
[html.themewant.com/hostie/assets/images/banner/banner__blog__image-sm1.svg]
[html.themewant.com/hostie/assets/images/banner/banner__blog__image-sm2.svg]
[html.themewant.com/hostie/assets/images/blog/blog-6.png]
[html.themewant.com/hostie/assets/images/blog/blog-7.png]
[html.themewant.com/hostie/assets/images/blog/blog-8.png]
[html.themewant.com/hostie/assets/images/blog/blog-9.png]
[html.themewant.com/hostie/assets/images/blog/blog-10.png]
[html.themewant.com/hostie/assets/images/blog/blog-11.png]
[html.themewant.com/hostie/blog.html]
[html.themewant.com/hostie/assets/images/mega-menu/07.svg]
[html.themewant.com/hostie/assets/images/banner/banner__partner__image.svg]
[html.themewant.com/hostie/assets/images/banner/banner__partner__image-sm1.svg]
[html.themewant.com/hostie/assets/images/banner/banner__partner__image-sm2.svg]
[html.themewant.com/hostie/assets/images/banner/banner__partner__image-sm3.svg]
[html.themewant.com/hostie/assets/images/banner/banner__partner__image-sm4.svg]
[html.themewant.com/hostie/assets/images/banner/banner__partner__image-sm5.svg]
[html.themewant.com/hostie/assets/images/feature/dashboard.png]
[html.themewant.com/hostie/assets/images/feature/dashboard2.png]
[html.themewant.com/hostie/partner.html]
[html.themewant.com/hostie/assets/images/mega-menu/06.svg]
[html.themewant.com/hostie/assets/images/banner/title-shape-2.svg]
[html.themewant.com/hostie/assets/images/banner/support/banner__support__image.svg]
[html.themewant.com/hostie/assets/images/banner/support/banner__support__image-sm-1.svg]
[html.themewant.com/hostie/assets/images/banner/support/banner__support__image-sm-2.svg]
[html.themewant.com/hostie/assets/images/banner/support/banner__support__image-sm-3.svg]
[html.themewant.com/hostie/assets/images/banner/support/banner__support__image-sm-4.svg]
[html.themewant.com/hostie/assets/images/banner/support/banner__support__image-sm-5.svg]
[html.themewant.com/hostie/assets/images/banner/support/banner__support__image-sm-6.svg]
[html.themewant.com/hostie/assets/images/banner/support/banner__support__image-sm-7.svg]
[html.themewant.com/hostie/support.html]
[html.themewant.com/hostie/assets/images/mega-menu/08.svg]
[html.themewant.com/hostie/pricing-two.html]
[html.themewant.com/hostie/assets/images/banner/banner__business__mail__image.svg]
[html.themewant.com/hostie/assets/images/banner/banner__business__mail__image-sm1.svg]
[html.themewant.com/hostie/assets/images/feature/feature-08.svg]
[html.themewant.com/hostie/assets/images/feature/feature-09.svg]
[html.themewant.com/hostie/assets/images/feature/feature-10.svg]
[html.themewant.com/hostie/business-mail.html]
[html.themewant.com/hostie/assets/images/mega-menu/10.svg]
[html.themewant.com/hostie/sign-in.html]
[html.themewant.com/hostie/assets/images/mega-menu/09.svg]
[html.themewant.com/hostie/assets/images/feature/feature-11.svg]
[html.themewant.com/hostie/assets/images/blog/blog-list-1.png]
[html.themewant.com/hostie/assets/images/blog/blog-list-2.png]
[html.themewant.com/hostie/assets/images/blog/blog-list-3.png]
[html.themewant.com/hostie/assets/images/blog/blog-recent-1.png]
[html.themewant.com/hostie/assets/images/blog/blog-recent-2.png]
[html.themewant.com/hostie/assets/images/blog/blog-recent-3.png]
[html.themewant.com/hostie/assets/images/blog/gallery-post-1.png]
[html.themewant.com/hostie/assets/images/blog/gallery-post-2.png]
[html.themewant.com/hostie/assets/images/blog/gallery-post-3.png]
[html.themewant.com/hostie/assets/images/blog/gallery-post-4.png]
[html.themewant.com/hostie/assets/images/blog/gallery-post-5.png]
[html.themewant.com/hostie/assets/images/blog/gallery-post-6.png]
[html.themewant.com/hostie/blog-list.html]
[html.themewant.com/hostie/assets/images/maintenance.svg]
[html.themewant.com/hostie/maintenance.html]
[html.themewant.com/hostie/assets/images/mega-menu/21.svg]
[html.themewant.com/hostie/assets/images/pricing/domain-01.svg]
[html.themewant.com/hostie/assets/images/pricing/domain-02.svg]
[html.themewant.com/hostie/assets/images/pricing/domain-03.svg]
[html.themewant.com/hostie/assets/images/pricing/domain-04.svg]
[html.themewant.com/hostie/assets/images/pricing/domain-05.svg]
[html.themewant.com/hostie/assets/images/pricing/domain-06.svg]
[html.themewant.com/hostie/assets/images/pricing/domain-07.svg]
[html.themewant.com/hostie/domain-checker.html]
[html.themewant.com/hostie/assets/images/mega-menu/12.svg]
[html.themewant.com/hostie/pricing-three.html]
[html.themewant.com/hostie/assets/images/pricing/domain-08.svg]
[html.themewant.com/hostie/assets/images/icon/support-icon.svg]
[html.themewant.com/hostie/assets/images/icon/security.svg]
[html.themewant.com/hostie/assets/images/icon/backup.svg]
[html.themewant.com/hostie/assets/images/icon/ssl-setup.svg]
[html.themewant.com/hostie/assets/images/feature/ssl-feature.jpg]
[html.themewant.com/hostie/ssl-certificate.html]
[html.themewant.com/hostie/assets/images/mega-menu/14.svg]
[html.themewant.com/hostie/assets/images/service/www.png]
[html.themewant.com/hostie/assets/images/service/domain-finder.png]
[html.themewant.com/hostie/assets/images/service/validity-checker.png]
[html.themewant.com/hostie/assets/images/service/whois-image.png]
[html.themewant.com/hostie/whois.html]
[html.themewant.com/hostie/assets/images/mega-menu/05.svg]
[html.themewant.com/hostie/assets/images/blog/blog-12.png]
[html.themewant.com/hostie/assets/images/blog/blog-13.png]
[html.themewant.com/hostie/assets/images/blog/blog-14.png]
[html.themewant.com/hostie/assets/images/blog/blog-15.png]
[html.themewant.com/hostie/assets/images/blog/blog-16.png]
[html.themewant.com/hostie/assets/images/blog/blog-17.png]
[html.themewant.com/hostie/blog-grid-2.html]
[html.themewant.com/hostie/assets/images/banner/black__friday-text.svg]
[html.themewant.com/hostie/assets/images/banner/black__friday.png]
[html.themewant.com/hostie/black-friday.html]
[html.themewant.com/hostie/assets/images/banner/banner__contact__image.svg]
[html.themewant.com/hostie/assets/images/banner/banner__contact__image-sm1.svg]
[html.themewant.com/hostie/assets/images/banner/banner__contact__image-sm2.svg]
[html.themewant.com/hostie/assets/images/banner/banner__contact__image-sm3.svg]
[html.themewant.com/hostie/contact.html]
[html.themewant.com/hostie/assets/images/mega-menu/16.svg]
[html.themewant.com/hostie/assets/images/banner/banner__contact__image-sm4.svg]
[html.themewant.com/hostie/assets/images/payment/visa.png]
[html.themewant.com/hostie/assets/images/payment/master-card.png]
[html.themewant.com/hostie/assets/images/payment/discover.png]
[html.themewant.com/hostie/assets/images/payment/diners-club.png]
[html.themewant.com/hostie/assets/images/payment/maestro.png]
[html.themewant.com/hostie/assets/images/payment/american-express.png]
[html.themewant.com/hostie/assets/images/payment/paypal.png]
[html.themewant.com/hostie/assets/images/payment/amazon.png]
[html.themewant.com/hostie/assets/images/payment/skrill.png]
[html.themewant.com/hostie/assets/images/payment/wise.png]
[html.themewant.com/hostie/assets/images/payment/ebay.png]
[html.themewant.com/hostie/assets/images/payment/bitcoin.png]
[html.themewant.com/hostie/assets/images/payment/tron.png]
[html.themewant.com/hostie/assets/images/payment/ethereum.png]
[html.themewant.com/hostie/assets/images/payment/litecoin.png]
[html.themewant.com/hostie/payment-method.html]
[html.themewant.com/hostie/assets/images/mega-menu/20.svg]
[html.themewant.com/hostie/domain-transfer.html]
[html.themewant.com/hostie/assets/images/mega-menu/17.svg]
[html.themewant.com/hostie/assets/images/banner/knowledgebase.png]
[html.themewant.com/hostie/knowledgebase.html]
[html.themewant.com/hostie/assets/images/mega-menu/11.svg]
[html.themewant.com/hostie/assets/images/blog/blog-post-details.jpg]
[html.themewant.com/hostie/assets/images/blog/post-1.jpg]
[html.themewant.com/hostie/assets/images/blog/post-2.jpg]
[html.themewant.com/hostie/assets/images/blog/post-3.jpg]
[html.themewant.com/hostie/assets/images/blog/author.jpg]
[html.themewant.com/hostie/blog-details.html]
[html.themewant.com/hostie/assets/images/error.png]
[html.themewant.com/hostie/404.html]
[html.themewant.com/hostie/assets/images/mega-menu/19.svg]
[html.themewant.com/hostie/assets/images/mega-menu/22.svg]
[html.themewant.com/hostie/assets/images/banner/banner__wordpress__image.svg]
[html.themewant.com/hostie/assets/images/banner/banner__wordpress__image-sm1.svg]
[html.themewant.com/hostie/assets/images/banner/banner__wordpress__image-sm2.svg]
[html.themewant.com/hostie/assets/images/feature/wordpress__feature__big.png]
[html.themewant.com/hostie/assets/images/feature/feature-wordpress.svg]
[html.themewant.com/hostie/assets/images/feature/plugin-01.svg]
[html.themewant.com/hostie/assets/images/feature/plugin-02.svg]
[html.themewant.com/hostie/assets/images/feature/plugin-03.svg]
[html.themewant.com/hostie/wordpress-hosting.html]
[html.themewant.com/hostie/assets/images/mega-menu/23.svg]
[html.themewant.com/hostie/assets/images/feature/plugin-04.svg]
[html.themewant.com/hostie/assets/images/banner/banner__vps__image.svg]
[html.themewant.com/hostie/assets/images/banner/banner__vps__image-sm1.svg]
[html.themewant.com/hostie/assets/images/feature/vps/vps-small.png]
[html.themewant.com/hostie/assets/images/feature/vps/vps-big.png]
[html.themewant.com/hostie/assets/images/feature/vps__feature__small.png]
[html.themewant.com/hostie/assets/images/feature/vps__feature__big.png]
[html.themewant.com/hostie/vps-hosting.html]
[html.themewant.com/hostie/assets/images/mega-menu/24.svg]
[html.themewant.com/hostie/assets/images/banner/banner__resell__image.svg]
[html.themewant.com/hostie/assets/images/banner/banner__resell__image-sm1.svg]
[html.themewant.com/hostie/assets/images/banner/banner__resell__image-sm2.svg]
[html.themewant.com/hostie/assets/images/banner/banner__resell__image-sm3.svg]
[html.themewant.com/hostie/assets/images/feature/cloud/billing.svg]
[html.themewant.com/hostie/reseller-hosting.html]
[html.themewant.com/hostie/assets/images/mega-menu/25.svg]
[html.themewant.com/hostie/assets/images/feature/cloud/moneybag.svg]
[html.themewant.com/hostie/assets/images/banner/banner__dedicated__image.svg]
[html.themewant.com/hostie/assets/images/banner/banner__dedicated__image-sm1.svg]
[html.themewant.com/hostie/assets/images/banner/banner__dedicated__image-sm2.svg]
[html.themewant.com/hostie/assets/images/feature/dedicated/1.svg]
[html.themewant.com/hostie/assets/images/feature/dedicated/2.svg]
[html.themewant.com/hostie/assets/images/feature/dedicated/3.svg]
[html.themewant.com/hostie/assets/images/feature/dedicated/server.svg]
[html.themewant.com/hostie/assets/images/feature/dedicated/ram.svg]
[html.themewant.com/hostie/assets/images/feature/dedicated/support.svg]
[html.themewant.com/hostie/assets/images/feature/dedicated/image-1.png]
[html.themewant.com/hostie/assets/images/feature/dedicated/image-2.png]
[html.themewant.com/hostie/assets/images/feature/dedicated/email.svg]
[html.themewant.com/hostie/dedicated-hosting.html]
[html.themewant.com/hostie/assets/images/mega-menu/27.svg]
[html.themewant.com/hostie/assets/images/banner/banner__cloud__image.png]
[html.themewant.com/hostie/assets/images/feature/support__feature.png]
[html.themewant.com/hostie/cloud-hosting.html]
[html.themewant.com/hostie/assets/images/mega-menu/29.svg]
[html.themewant.com/hostie/domain-registration.html]
[html.themewant.com/hostie/assets/images/feature/cloud/php.svg]
[html.themewant.com/hostie/assets/images/feature/cloud/sql.svg]
[html.themewant.com/hostie/assets/images/feature/cloud/backup.svg]
[html.themewant.com/hostie/assets/images/feature/cloud/speed-meter-2.svg]
[html.themewant.com/hostie/assets/images/feature/performance.jpg]
[html.themewant.com/hostie/assets/images/feature/scalling.jpg]
[html.themewant.com/hostie/technology.html]
[html.themewant.com/hostie/assets/images/feature/feature-12.svg]
[html.themewant.com/hostie/assets/images/feature/feature-13.svg]
[html.themewant.com/hostie/assets/images/feature/feature-14.svg]
[html.themewant.com/hostie/assets/images/feature/feature-15.svg]
[html.themewant.com/hostie/assets/images/feature/cdn.jpg]
[html.themewant.com/hostie/data-center.html]
[html.themewant.com/hostie/game-details.html]
[html.themewant.com/hostie/assets/images/banner/faq/banner__faq__image.svg]
[html.themewant.com/hostie/assets/images/banner/faq/banner__faq__image-sm1.svg]
[html.themewant.com/hostie/assets/images/banner/faq/banner__faq__image-sm2.svg]
[html.themewant.com/hostie/assets/images/banner/faq/banner__faq__image-sm3.svg]
[html.themewant.com/hostie/faq.html]
[html.themewant.com/hostie/assets/images/banner/faq/banner__faq__image-sm4.svg]
[html.themewant.com/hostie/assets/images/banner/offer__background.jpg]
[html.themewant.com/hostie/assets/images/50__off.png]
[html.themewant.com/hostie/assets/images/banner/offer__background-2.jpg]
[html.themewant.com/hostie/assets/images/50__off-2.png]
[html.themewant.com/hostie/hosting-offer-one.html]
[html.themewant.com/hostie/assets/images/banner/shared/shared__hosting.svg]
[html.themewant.com/hostie/assets/images/banner/shared/shared__hosting-sm1.svg]
[html.themewant.com/hostie/assets/images/banner/shared/shared__hosting-sm2.svg]
[html.themewant.com/hostie/assets/images/pricing/offer__vactor.svg]
[html.themewant.com/hostie/assets/images/pricing/basic.svg]
[html.themewant.com/hostie/assets/images/pricing/premium.svg]
[html.themewant.com/hostie/assets/images/pricing/business.svg]
[html.themewant.com/hostie/assets/images/pricing/cloud.svg]
[html.themewant.com/hostie/assets/images/brand/review-star.svg]
[html.themewant.com/hostie/assets/images/brand/trust-pilot.svg]
[html.themewant.com/hostie/assets/images/brand/01.svg]
[html.themewant.com/hostie/assets/images/brand/02.svg]
[html.themewant.com/hostie/assets/images/brand/03.svg]
[html.themewant.com/hostie/assets/images/brand/04.svg]
[html.themewant.com/hostie/assets/images/brand/05.svg]
[html.themewant.com/hostie/assets/images/brand/06.svg]
[html.themewant.com/hostie/assets/images/brand/07.svg]
[html.themewant.com/hostie/assets/images/brand/08.svg]
[html.themewant.com/hostie/assets/images/logo/footer__two__logo.svg]
[html.themewant.com/hostie/data-centers.html]
[html.themewant.com/hostie/assets/images/payment/visa.svg]
[html.themewant.com/hostie/assets/images/payment/master-card.svg]
[html.themewant.com/hostie/assets/images/payment/paypal.svg]
[html.themewant.com/hostie/assets/images/payment/american-express.svg]
[html.themewant.com/hostie/assets/images/payment/wise.svg]
[html.themewant.com/hostie/index-sevent.html]
[html.themewant.com/hostie/team.html]
[html.themewant.com/hostie/book-a-demo.html]
[html.themewant.com/hostie/free-audit.html]
[html.themewant.com/hostie/assets/js/plugins/jquery.min.js]
[html.themewant.com/hostie/assets/js/plugins/popper.js]
[html.themewant.com/hostie/assets/js/plugins/bootstrap.min.js]
[html.themewant.com/hostie/assets/js/plugins/metismenu.js]
[html.themewant.com/hostie/assets/js/vendor/jqueryui.js]
[html.themewant.com/hostie/assets/js/vendor/waypoint.js]
[html.themewant.com/hostie/assets/js/plugins/swiper.js]
[html.themewant.com/hostie/assets/js/plugins/theia-sticky-sidebar.min.js]
[html.themewant.com/hostie/assets/js/plugins/jquery.nice-select.min.js]
[html.themewant.com/hostie/assets/js/plugins/sal.js]
[html.themewant.com/hostie/assets/js/vendor/waw.js]
[html.themewant.com/hostie/assets/js/plugins/counter-up.js]
[html.themewant.com/hostie/assets/js/plugins/magnific-popup.js]
[html.themewant.com/hostie/assets/js/plugins/contact-form.js]
[html.themewant.com/hostie/assets/js/main.js]
[html.themewant.com/htdocs_error/style.css]
[maxcdn.bootstrapcdn.com/bootstrap/3.3.7/css/bootstrap.min.css]
[www.google-analytics.com/analytics.js]
[html.themewant.com/htdocs_error/something-lost.png]
[html.themewant.com/hostie/assets/fonts/fa-duotone-900.html]
[html.themewant.com/hostie/assets/fonts/fa-duotone-901.html]
[html.themewant.com/hostie/assets/images/banner/banner_home_one_dotted.svg]
[html.themewant.com/hostie/assets/images/banner/two/shape__two.svg]
[html.themewant.com/hostie/assets/images/banner/banner-hero-four-bg.svg]
[html.themewant.com/hostie/assets/images/banner/banner__six__bg.svg]
[html.themewant.com/hostie/assets/images/banner/shared/banner__bg.svg]
[html.themewant.com/hostie/assets/images/domain/domain__finder__bg.svg]
[html.themewant.com/hostie/assets/images/domain/domain__finder__bg__four.svg]
[html.themewant.com/hostie/assets/images/support/support__bg.svg]
[html.themewant.com/hostie/assets/images/newsletter__bg.svg]
[html.themewant.com/hostie/assets/images/game/game__server__bg.svg]
[html.themewant.com/hostie/assets/images/banner/banner__eight__shape.svg]
[html.themewant.com/hostie/assets/images/service/two/bg__snap.svg]
[html.themewant.com/hostie/assets/images/service/service-5-bg-shape.svg]
[html.themewant.com/hostie/assets/images/service/service__tab__content__bg.svg]
[html.themewant.com/hostie/assets/images/service/service__tab__section.svg]
[html.themewant.com/hostie/assets/images/about/resell/resell-img-bg.svg]
[html.themewant.com/hostie/assets/images/counter__bg.svg]
[html.themewant.com/hostie/assets/images/testimonials/bg__shape.svg]
[html.themewant.com/hostie/assets/images/testimonials/testimonial__two__bg.svg]
[html.themewant.com/hostie/assets/images/testimonials/feedback__testimonial__single.svg]
[html.themewant.com/hostie/assets/images/service/flash-sale.svg]
[html.themewant.com/hostie/assets/images/footer/footer__four__bg.svg]
[html.themewant.com/hostie/assets/images/game/footer__game__bg.svg]
[html.themewant.com/hostie/assets/images/contact/contact__shape__bg.svg]
[html.themewant.com/hostie/assets/images/flash__sell__banner__bg.svg]
[html.themewant.com/hostie/assets/images/icon/dollar.svg]
[html.themewant.com/hostie/assets/images/banner/hosting-01.svg]
[html.themewant.com/hostie/assets/images/banner/hosting.svg]
[html.themewant.com/hostie/assets/images/banner/left.svg]
[html.themewant.com/hostie/assets/images/banner/top.svg]
[html.themewant.com/hostie/assets/images/banner/right.svg]
[html.themewant.com/hostie/assets/images/hosting/03.svg]
[html.themewant.com/hostie/assets/images/hosting/04.svg]
[html.themewant.com/hostie/assets/images/hosting/02.svg]
[html.themewant.com/hostie/assets/images/hosting/01.svg]
[html.themewant.com/hostie/assets/images/about/about-shape-01.svg]
[html.themewant.com/hostie/assets/images/about/about-shape-02.svg]
[html.themewant.com/hostie/assets/images/about/01.svg]
[html.themewant.com/hostie/assets/images/about/02.svg]
[html.themewant.com/hostie/assets/images/service/shared__hosting.svg]
[html.themewant.com/hostie/assets/images/service/email__hosting.svg]
[html.themewant.com/hostie/assets/images/service/dedicated__hosting.svg]
[html.themewant.com/hostie/assets/images/service/vps__hosting.svg]
[html.themewant.com/hostie/assets/images/service/eccommerce__hosting.svg]
[html.themewant.com/hostie/assets/images/service/resseller__hosting.svg]
[html.themewant.com/hostie/assets/images/service/cloud__hosting.svg]
[html.themewant.com/hostie/assets/images/flag-01.svg]
[html.themewant.com/hostie/assets/images/flag-02.svg]
[html.themewant.com/hostie/assets/images/flag-03.svg]
[html.themewant.com/hostie/assets/images/flag-04.svg]
[html.themewant.com/hostie/assets/images/flag-05.svg]
[html.themewant.com/hostie/assets/images/flag-06.svg]
[html.themewant.com/hostie/assets/images/flag-07.svg]
[html.themewant.com/hostie/assets/images/flag-08.svg]
[html.themewant.com/hostie/assets/images/flag-09.svg]
[html.themewant.com/hostie/assets/images/flag-10.svg]
[html.themewant.com/hostie/assets/images/icon/cloud.svg]
[html.themewant.com/hostie/assets/images/icon/domain.svg]
[html.themewant.com/hostie/assets/images/icon/speed.svg]
[html.themewant.com/hostie/assets/images/icon/support.svg]
[html.themewant.com/hostie/assets/images/icon/money-back.svg]
[html.themewant.com/hostie/assets/images/whychoose.svg]
[html.themewant.com/hostie/assets/images/paper-plane.svg]
[html.themewant.com/hostie/assets/images/wifi.svg]
[html.themewant.com/hostie/assets/images/pricing/pricing-image.svg]
[html.themewant.com/hostie/assets/images/faq/faq.svg]
[html.themewant.com/hostie/assets/images/faq/faq__animated.svg]
[html.themewant.com/hostie/assets/images/cta/cta__hosting.svg]
[html.themewant.com/hostie/assets/images/cta/cta__person.svg]
[html.themewant.com/hostie/assets/images/logo/footer__one__logo.svg]
[html.themewant.com/hostie/assets/images/banner/cloud--lightning.svg]
[html.themewant.com/hostie/assets/images/banner/two/hero__two__illustration.svg]
[html.themewant.com/hostie/assets/images/banner/two/hero__two__illustration-sm1.svg]
[html.themewant.com/hostie/assets/images/banner/two/hero__two__illustration-sm2.svg]
[html.themewant.com/hostie/assets/images/banner/two/hero__two__illustration-sm3.svg]
[html.themewant.com/hostie/assets/images/banner/two/hero__two__illustration-sm4.svg]
[html.themewant.com/hostie/assets/images/banner/two/hero__two__illustration-sm5.svg]
[html.themewant.com/hostie/assets/images/banner/banner__two__shape.svg]
[html.themewant.com/hostie/assets/images/service/two/service__icon_one.svg]
[html.themewant.com/hostie/assets/images/service/two/vps.svg]
[html.themewant.com/hostie/assets/images/service/two/dedicated.svg]
[html.themewant.com/hostie/assets/images/service/two/email.svg]
[html.themewant.com/hostie/assets/images/service/two/ecommerce.svg]
[html.themewant.com/hostie/assets/images/service/two/cloud.svg]
[html.themewant.com/hostie/assets/images/service/two/cloud-2.svg]
[html.themewant.com/hostie/assets/images/hosting/hosting__feature.svg]
[html.themewant.com/hostie/assets/images/icon/quote__white.svg]
[html.themewant.com/hostie/assets/images/logo/logo-2.svg]
[html.themewant.com/hostie/assets/images/banner/banner-bg-element.svg]
[html.themewant.com/hostie/assets/images/service/service-bg-shape.svg]
[html.themewant.com/hostie/assets/images/service/service-bg-shape2.svg]
[html.themewant.com/hostie/assets/images/service/service-bg-shape3.svg]
[html.themewant.com/hostie/assets/images/feature/feature-rounded-shape.svg]
[html.themewant.com/hostie/assets/images/testimonials/testimonial-wrapper-shape.svg]
[html.themewant.com/hostie/assets/images/testimonials/bg-shape-3.svg]
[html.themewant.com/hostie/assets/images/testimonials/bg-shape-4.svg]
[html.themewant.com/hostie/assets/images/blog/blog-shape.svg]
[html.themewant.com/hostie/assets/images/blog/blog-shape2.svg]
[html.themewant.com/hostie/assets/images/blog/line.svg]
[html.themewant.com/hostie/assets/images/logo/logo-3.svg]
[html.themewant.com/hostie/assets/images/support/support__image.svg]
[html.themewant.com/hostie/assets/images/logo/footer__four__logo.svg]
[html.themewant.com/hostie/assets/images/banner/title-shape.svg]
[html.themewant.com/hostie/assets/images/banner/line.svg]
[html.themewant.com/hostie/assets/images/banner/banner__bg__shape__five.svg]
[html.themewant.com/hostie/assets/images/banner/banner__bg__shape__six.svg]
[html.themewant.com/hostie/assets/images/banner/banner__bg__shape__eight.svg]
[html.themewant.com/hostie/assets/images/banner/banner__bg__shape__nine.svg]
[html.themewant.com/hostie/assets/images/banner/banner__bg__shape__ten.svg]
[html.themewant.com/hostie/assets/images/pricing/pricing-icon-01.svg]
[html.themewant.com/hostie/assets/images/pricing/pricing-bg-shape.svg]
[html.themewant.com/hostie/assets/images/pricing/pricing-shape-01.svg]
[html.themewant.com/hostie/assets/images/pricing/pricing-shape-02.svg]
[html.themewant.com/hostie/assets/images/pricing/pricing-icon-02.svg]
[html.themewant.com/hostie/assets/images/pricing/pricing-icon-03.svg]
[html.themewant.com/hostie/assets/images/pricing/pricing-icon-04.svg]
[html.themewant.com/hostie/assets/images/icon/vps.svg]
[html.themewant.com/hostie/assets/images/icon/share.svg]
[html.themewant.com/hostie/assets/images/icon/wordpress.svg]
[html.themewant.com/hostie/assets/images/icon/eccommerce.svg]
[html.themewant.com/hostie/assets/images/icon/dedicated.svg]
[html.themewant.com/hostie/assets/images/feature/feature-05.svg]
[html.themewant.com/hostie/assets/images/feature/feature-06.svg]
[html.themewant.com/hostie/assets/images/feature/feature-07.svg]
[html.themewant.com/hostie/assets/images/feature/crystal.svg]
[html.themewant.com/hostie/assets/images/feature/crystal-2.svg]
[html.themewant.com/hostie/assets/images/feature/feature-bg-shape.svg]
[html.themewant.com/hostie/assets/images/testimonials/quote.svg]
[html.themewant.com/hostie/assets/images/testimonials/bg-round-shape.svg]
[html.themewant.com/hostie/assets/images/testimonials/bg__shape_three.svg]
[html.themewant.com/hostie/assets/images/blog/plane.svg]
[html.themewant.com/hostie/blog-detail.html]
[html.themewant.com/hostie/assets/images/logo/logo-5.svg]
[html.themewant.com/hostie/assets/images/contact/contact__animated__arrow.svg]
[html.themewant.com/hostie/assets/images/logo/logo__game.svg]
[html.themewant.com/hostie/assets/images/icon/game.svg]
[html.themewant.com/hostie/assets/images/icon/game-4.svg]
[html.themewant.com/hostie/assets/images/icon/game-1.svg]
[html.themewant.com/hostie/assets/images/icon/game-2.svg]
[html.themewant.com/hostie/assets/images/icon/game-3.svg]
[html.themewant.com/hostie/assets/images/icon/feature-1.svg]
[html.themewant.com/hostie/assets/images/icon/feature-2.svg]
[html.themewant.com/hostie/assets/images/icon/feature-3.svg]
[html.themewant.com/hostie/assets/images/pricing/offer__vactor-2.svg]
[html.themewant.com/hostie/assets/images/logo/footer__game__logo.svg]
[html.themewant.com/hostie/assets/images/icon/cloud-3.svg]
[html.themewant.com/hostie/assets/images/icon/white-lavel.svg]
[html.themewant.com/hostie/assets/images/icon/quality.svg]
[html.themewant.com/hostie/assets/images/feature/cloud/1.svg]
[html.themewant.com/hostie/assets/images/feature/cloud/2.svg]
[html.themewant.com/hostie/assets/images/feature/cloud/ssl.svg]
[html.themewant.com/hostie/assets/images/feature/cloud/resell.svg]
[html.themewant.com/hostie/assets/images/feature/cloud/cloud.svg]
[html.themewant.com/hostie/assets/images/feature/cloud/collaboration.svg]
[html.themewant.com/hostie/assets/images/feature/cloud/p-1.svg]
[html.themewant.com/hostie/assets/images/feature/cloud/speed-meter.svg]
[html.themewant.com/hostie/assets/images/feature/cloud/p-2.svg]
[html.themewant.com/hostie/assets/images/feature/cloud/rated.svg]
[html.themewant.com/hostie/assets/images/about/resell/support.svg]
[html.themewant.com/hostie/assets/images/about/resell/speed-meter.svg]
[html.themewant.com/hostie/assets/images/about/counter-01.svg]
[html.themewant.com/hostie/assets/images/about/counter-02.svg]
[html.themewant.com/hostie/assets/images/about/counter-03.svg]
[html.themewant.com/hostie/assets/images/about/counter-04.svg]
[html.themewant.com/hostie/assets/images/banner/pricing/banner__pricing__image.svg]
[html.themewant.com/hostie/assets/images/banner/pricing/shape__star.svg]
[html.themewant.com/hostie/assets/images/banner/pricing/shape__dollar.svg]
[html.themewant.com/hostie/assets/images/banner/pricing/shape__dollar-2.svg]
[html.themewant.com/hostie/assets/images/affiliate/icon-1.svg]
[html.themewant.com/hostie/assets/images/affiliate/icon-2.svg]
[html.themewant.com/hostie/assets/images/affiliate/icon-3.svg]
[html.themewant.com/hostie/assets/images/affiliate/icon-4.svg]
[html.themewant.com/hostie/assets/images/feature/intersect.svg]
[html.themewant.com/hostie/assets/images/feature/mike.svg]
[html.themewant.com/hostie/assets/images/feature/earn-api.svg]
[html.themewant.com/hostie/assets/images/affiliate/feature-1.svg]
[html.themewant.com/hostie/assets/images/affiliate/feature-2.svg]
[html.themewant.com/hostie/assets/images/affiliate/feature-3.svg]
[html.themewant.com/hostie/blog.details.html]
[html.themewant.com/hostie/assets/images/banner/banner__blog__image.svg]
[html.themewant.com/hostie/assets/images/banner/banner__blog__image-sm1.svg]
[html.themewant.com/hostie/assets/images/banner/banner__blog__image-sm2.svg]
[html.themewant.com/hostie/assets/images/banner/banner__partner__image.svg]
[html.themewant.com/hostie/assets/images/banner/banner__partner__image-sm1.svg]
[html.themewant.com/hostie/assets/images/banner/banner__partner__image-sm2.svg]
[html.themewant.com/hostie/assets/images/banner/banner__partner__image-sm3.svg]
[html.themewant.com/hostie/assets/images/banner/banner__partner__image-sm4.svg]
[html.themewant.com/hostie/assets/images/banner/banner__partner__image-sm5.svg]
[html.themewant.com/hostie/assets/images/banner/title-shape-2.svg]
[html.themewant.com/hostie/assets/images/banner/support/banner__support__image.svg]
[html.themewant.com/hostie/assets/images/banner/support/banner__support__image-sm-1.svg]
[html.themewant.com/hostie/assets/images/banner/support/banner__support__image-sm-2.svg]
[html.themewant.com/hostie/assets/images/banner/support/banner__support__image-sm-3.svg]
[html.themewant.com/hostie/assets/images/banner/support/banner__support__image-sm-4.svg]
[html.themewant.com/hostie/assets/images/banner/support/banner__support__image-sm-5.svg]
[html.themewant.com/hostie/assets/images/banner/support/banner__support__image-sm-6.svg]
[html.themewant.com/hostie/assets/images/banner/support/banner__support__image-sm-7.svg]
[html.themewant.com/hostie/assets/images/banner/banner__business__mail__image.svg]
[html.themewant.com/hostie/assets/images/banner/banner__business__mail__image-sm1.svg]
[html.themewant.com/hostie/assets/images/feature/feature-08.svg]
[html.themewant.com/hostie/assets/images/feature/feature-09.svg]
[html.themewant.com/hostie/assets/images/feature/feature-10.svg]
[html.themewant.com/hostie/assets/images/feature/feature-11.svg]
[html.themewant.com/hostie/assets/images/maintenance.svg]
[html.themewant.com/hostie/assets/images/pricing/domain-01.svg]
[html.themewant.com/hostie/assets/images/pricing/domain-02.svg]
[html.themewant.com/hostie/assets/images/pricing/domain-03.svg]
[html.themewant.com/hostie/assets/images/pricing/domain-04.svg]
[html.themewant.com/hostie/assets/images/pricing/domain-05.svg]
[html.themewant.com/hostie/assets/images/pricing/domain-06.svg]
[html.themewant.com/hostie/assets/images/pricing/domain-07.svg]
[html.themewant.com/hostie/assets/images/pricing/domain-08.svg]
[html.themewant.com/hostie/assets/images/icon/support-icon.svg]
[html.themewant.com/hostie/assets/images/icon/security.svg]
[html.themewant.com/hostie/assets/images/icon/backup.svg]
[html.themewant.com/hostie/assets/images/icon/ssl-setup.svg]
[html.themewant.com/hostie/assets/images/banner/black__friday-text.svg]
[html.themewant.com/hostie/assets/images/banner/banner__contact__image.svg]
[html.themewant.com/hostie/assets/images/banner/banner__contact__image-sm1.svg]
[html.themewant.com/hostie/assets/images/banner/banner__contact__image-sm2.svg]
[html.themewant.com/hostie/assets/images/banner/banner__contact__image-sm3.svg]
[html.themewant.com/hostie/assets/images/banner/banner__contact__image-sm4.svg]
[html.themewant.com/hostie/assets/images/banner/banner__wordpress__image.svg]
[html.themewant.com/hostie/assets/images/banner/banner__wordpress__image-sm1.svg]
[html.themewant.com/hostie/assets/images/banner/banner__wordpress__image-sm2.svg]
[html.themewant.com/hostie/assets/images/feature/feature-wordpress.svg]
[html.themewant.com/hostie/assets/images/feature/plugin-01.svg]
[html.themewant.com/hostie/assets/images/feature/plugin-02.svg]
[html.themewant.com/hostie/assets/images/feature/plugin-03.svg]
[html.themewant.com/hostie/assets/images/feature/plugin-04.svg]
[html.themewant.com/hostie/assets/images/banner/banner__vps__image.svg]
[html.themewant.com/hostie/assets/images/banner/banner__vps__image-sm1.svg]
[html.themewant.com/hostie/assets/images/banner/banner__resell__image.svg]
[html.themewant.com/hostie/assets/images/banner/banner__resell__image-sm1.svg]
[html.themewant.com/hostie/assets/images/banner/banner__resell__image-sm2.svg]
[html.themewant.com/hostie/assets/images/banner/banner__resell__image-sm3.svg]
[html.themewant.com/hostie/assets/images/feature/cloud/billing.svg]
[html.themewant.com/hostie/assets/images/feature/cloud/moneybag.svg]
[html.themewant.com/hostie/assets/images/banner/banner__dedicated__image.svg]
[html.themewant.com/hostie/assets/images/banner/banner__dedicated__image-sm1.svg]
[html.themewant.com/hostie/assets/images/banner/banner__dedicated__image-sm2.svg]
[html.themewant.com/hostie/assets/images/feature/dedicated/1.svg]
[html.themewant.com/hostie/assets/images/feature/dedicated/2.svg]
[html.themewant.com/hostie/assets/images/feature/dedicated/3.svg]
[html.themewant.com/hostie/assets/images/feature/dedicated/server.svg]
[html.themewant.com/hostie/assets/images/feature/dedicated/ram.svg]
[html.themewant.com/hostie/assets/images/feature/dedicated/support.svg]
[html.themewant.com/hostie/assets/images/feature/dedicated/email.svg]
[html.themewant.com/hostie/assets/images/feature/cloud/php.svg]
[html.themewant.com/hostie/assets/images/feature/cloud/sql.svg]
[html.themewant.com/hostie/assets/images/feature/cloud/backup.svg]
[html.themewant.com/hostie/assets/images/feature/cloud/speed-meter-2.svg]
[html.themewant.com/hostie/assets/images/feature/feature-12.svg]
[html.themewant.com/hostie/assets/images/feature/feature-13.svg]
[html.themewant.com/hostie/assets/images/feature/feature-14.svg]
[html.themewant.com/hostie/assets/images/feature/feature-15.svg]
[html.themewant.com/hostie/assets/images/banner/faq/banner__faq__image.svg]
[html.themewant.com/hostie/assets/images/banner/faq/banner__faq__image-sm1.svg]
[html.themewant.com/hostie/assets/images/banner/faq/banner__faq__image-sm2.svg]
[html.themewant.com/hostie/assets/images/banner/faq/banner__faq__image-sm3.svg]
[html.themewant.com/hostie/assets/images/banner/faq/banner__faq__image-sm4.svg]
[html.themewant.com/htdocs_error/style.css]
[maxcdn.bootstrapcdn.com/bootstrap/3.3.7/css/bootstrap.min.css]
